   Compiling babel_engine v0.1.0 (C:\My Project\Babel\engine)
warning: unused import: `glam::Vec3`
  --> src\tests\stability.rs:66:9
   |
66 |     use glam::Vec3;
   |         ^^^^^^^^^^
   |
   = note: `#[warn(unused_imports)]` (part of `#[warn(unused)]`) on by default

warning: use of deprecated method `winit::event_loop::EventLoop::<T>::create_window`: use `ActiveEventLoop::create_window` instead
   --> src\render\wgpu_view.rs:519:18
    |
519 |                 .create_window(
    |                  ^^^^^^^^^^^^^
    |
    = note: `#[warn(deprecated)]` on by default

warning: unused variable: `heavy_x_before`
   --> src\tests\collision.rs:470:13
    |
470 |         let heavy_x_before = voxel_pos(&world, heavy_e).x;
    |             ^^^^^^^^^^^^^^ help: if this is intentional, prefix it with an underscore: `_heavy_x_before`
    |
    = note: `#[warn(unused_variables)]` (part of `#[warn(unused)]`) on by default

warning: unused variable: `heavy_pos_after`
   --> src\tests\collision.rs:474:13
    |
474 |         let heavy_pos_after = voxel_pos(&world, heavy_e);
    |             ^^^^^^^^^^^^^^^ help: if this is intentional, prefix it with an underscore: `_heavy_pos_after`

warning: unused variable: `light_pos_after`
   --> src\tests\collision.rs:475:13
    |
475 |         let light_pos_after = voxel_pos(&world, light_e);
    |             ^^^^^^^^^^^^^^^ help: if this is intentional, prefix it with an underscore: `_light_pos_after`

warning: variable does not need to be mutable
   --> src\tests\energy.rs:654:13
    |
654 |         let mut query_state = world.query::<&Voxel>();
    |             ----^^^^^^^^^^^
    |             |
    |             help: remove this `mut`
    |
    = note: `#[warn(unused_mut)]` (part of `#[warn(unused)]`) on by default

warning: function `remove_entity_bonds` is never used
    --> src\physics\mortar.rs:1238:8
     |
1238 | pub fn remove_entity_bonds(entity: Entity, bonds: &mut MortarBonds) {
     |        ^^^^^^^^^^^^^^^^^^^
     |
     = note: `#[warn(dead_code)]` (part of `#[warn(unused)]`) on by default

warning: function `bond_count_for_entity` is never used
    --> src\physics\mortar.rs:1249:8
     |
1249 | pub fn bond_count_for_entity(entity: Entity, bonds: &MortarBonds) -> usize {
     |        ^^^^^^^^^^^^^^^^^^^^^

warning: constant `ANGULAR_SETTLE_MIN_Y_THRESHOLD` is never used
   --> src\physics\xpbd.rs:176:7
    |
176 | const ANGULAR_SETTLE_MIN_Y_THRESHOLD: f32 = 0.5;
    |       ^^^^^^^^^^^^^^^^^^^^^^^^^^^^^^

warning: function `make_pair` is never used
   --> src\physics\xpbd.rs:420:4
    |
420 | fn make_pair(a: Entity, b: Entity) -> (Entity, Entity) {
    |    ^^^^^^^^^

warning: method `get_neighbors` is never used
   --> src\world\spatial_grid.rs:215:12
    |
100 | impl SpatialGrid {
    | ---------------- method in this implementation
...
215 |     pub fn get_neighbors(&self, position: Vec3) -> Vec<(Entity, ShapeType, [i32; 3])> {
    |            ^^^^^^^^^^^^^

warning: method `max_overhang_blocks` is never used
   --> src\world\voxel.rs:175:12
    |
116 | impl MaterialType {
    | ----------------- method in this implementation
...
175 |     pub fn max_overhang_blocks(self) -> u32 {
    |            ^^^^^^^^^^^^^^^^^^^

warning: struct `ObservationConfig` is never constructed
  --> src\bridge\gym_env.rs:74:12
   |
74 | pub struct ObservationConfig {
   |            ^^^^^^^^^^^^^^^^^

warning: associated function `new` is never used
  --> src\bridge\gym_env.rs:85:12
   |
84 | impl ObservationConfig {
   | ---------------------- associated function in this implementation
85 |     pub fn new(max_blocks: usize, stride: usize) -> Self {
   |            ^^^

warning: struct `EpisodeState` is never constructed
   --> src\bridge\gym_env.rs:107:12
    |
107 | pub struct EpisodeState {
    |            ^^^^^^^^^^^^

warning: function `calculate_reward` is never used
   --> src\bridge\gym_env.rs:161:8
    |
161 | pub fn calculate_reward(
    |        ^^^^^^^^^^^^^^^^

warning: struct `RewardInfo` is never constructed
   --> src\bridge\gym_env.rs:295:12
    |
295 | pub struct RewardInfo {
    |            ^^^^^^^^^^

warning: struct `ParsedAction` is never constructed
   --> src\bridge\gym_env.rs:329:12
    |
329 | pub struct ParsedAction {
    |            ^^^^^^^^^^^^

warning: function `parse_action` is never used
   --> src\bridge\gym_env.rs:342:8
    |
342 | pub fn parse_action(
    |        ^^^^^^^^^^^^

warning: `babel_engine` (lib test) generated 19 warnings (run `cargo fix --lib -p babel_engine --tests` to apply 5 suggestions)
    Finished `test` profile [optimized + debuginfo] target(s) in 4.45s
     Running unittests src\lib.rs (target\debug\deps\babel_engine-561aa1ff7327966c.exe)

running 32 tests
test tests::collision::tests::test_aabb_heavy_vs_light_mass_sharing ... ok
test tests::collision::tests::test_aabb_cube_on_static_floor ... ok
test tests::collision::tests::test_aabb_two_dynamic_equal_mass_collision ... ok
test tests::collision::tests::test_sphere_on_flat_floor_correct_height ... ok
test tests::collision::tests::test_static_block_never_moves ... ok
test tests::collision::tests::test_cube_on_wedge_slides_not_launches ... ok
test tests::collision::tests::test_aabb_cube_on_cube_stack ... ok
test tests::energy::tests::test_ke_dissipation_rate_after_impact ... ok
test tests::stability::tests::test_restitution_energy_loss ... ok
test tests::stability::tests::test_single_block_reaches_sleep ... ok
test tests::energy::tests::test_ke_zero_in_static_world ... ok
test tests::energy::tests::test_total_energy_not_created_on_collision ... ok
test tests::collision::tests::test_no_penetration_in_settled_pillar ... ok
test tests::constraint::tests::test_constraint_no_penetration_100_steps ... ok
test tests::energy::tests::test_y_velocity_decreases_on_dead_bounce ... ok
test tests::stability::tests::test_lateral_side_drag_regression ... ok
test tests::constraint::tests::test_bond_tension_never_exceeds_adhesion_before_break ... ok
test tests::stability::tests::test_sleep_wakes_on_impact ... ok
test tests::constraint::tests::test_no_block_below_floor ... ok
test tests::energy::tests::test_ke_monotone_after_settle ... ok
test tests::energy::tests::test_ke_spike_detection_pillar_flying_regression ... ok
test tests::stress_tests::tests::test_scaffold_stress_capacity_is_low ... ok
test tests::stability::tests::test_steel_pair_no_vibration ... ok
test tests::stress_tests::tests::test_floor_support_flag_propagates ... ok
test tests::stability::tests::test_pillar_stable_height_preserved ... ok
test tests::stress_tests::tests::test_single_column_stress_propagation ... ok
test tests::stress_tests::tests::test_stress_increases_with_load ... ok
test tests::stress_tests::tests::test_stress_normalized_range ... ok
test tests::stability::tests::test_ten_block_pillar_no_jitter ... ok
test tests::constraint::tests::test_no_nan_or_inf_positions ... ok
test tests::constraint::tests::test_static_blocks_position_invariant ... ok
test tests::constraint::tests::test_constraint_no_penetration_1000_steps ... ok

test result: ok. 32 passed; 0 failed; 0 ignored; 0 measured; 0 filtered out; finished in 0.02s

